---
source: libcudf-sys/tests/binaryop_test.rs
expression: "pretty_column(&result_div.view(), DataType::Float64)?"
---
+---------------------+
| test                |
+---------------------+
| inf                 |
| 7.472222222222221   |
| 6.499999999999999   |
| 0.38944723618090454 |
| 5.750000000000001   |
| inf                 |
| 90.99999999999999   |
| inf                 |
| inf                 |
| 1.4074074074074074  |
| inf                 |
| 136.5               |
| inf                 |
| inf                 |
| inf                 |
| inf                 |
| inf                 |
| 25.0                |
| 53.83333333333333   |
| inf                 |
| inf                 |
| 48.49999999999999   |
| 0.7170542635658914  |
| 60.75               |
| inf                 |
| inf                 |
| 110.99999999999999  |
| inf                 |
| inf                 |
| 60.25               |
| 0.902654867256637   |
| 6.261904761904762   |
| 120.99999999999999  |
| 4.015151515151516   |
| inf                 |
| inf                 |
| inf                 |
| 7.05                |
| inf                 |
| inf                 |
| 30.833333333333336  |
| inf                 |
| inf                 |
| inf                 |
| inf                 |
| 3.9074074074074074  |
| 15.5                |
| inf                 |
| inf                 |
| 6.794117647058824   |
| 4.609375            |
| 2.0                 |
| 1.1724137931034484  |
| inf                 |
| 6.38235294117647    |
| inf                 |
| inf                 |
| 1.9652777777777777  |
| inf                 |
| inf                 |
| inf                 |
| inf                 |
| inf                 |
| inf                 |
| inf                 |
| inf                 |
| inf                 |
| inf                 |
| inf                 |
| inf                 |
| inf                 |
| inf                 |
| inf                 |
| 16.9                |
| inf                 |
| inf                 |
| inf                 |
| 5.229166666666667   |
| inf                 |
| 1.0425531914893618  |
| 2.0245901639344264  |
| 24.874999999999996  |
| inf                 |
| inf                 |
| inf                 |
| inf                 |
| inf                 |
| inf                 |
| inf                 |
| inf                 |
| inf                 |
| 5.346153846153846   |
| 10.818181818181818  |
| inf                 |
| inf                 |
| 12.555555555555555  |
| 2.533333333333333   |
| 27.4                |
| inf                 |
| 1.228395061728395   |
| inf                 |
| inf                 |
| inf                 |
| 5.499999999999999   |
| 1.6545454545454545  |
| 120.99999999999999  |
| inf                 |
| inf                 |
| inf                 |
| inf                 |
| inf                 |
| inf                 |
| 13.777777777777779  |
| 4.333333333333334   |
| inf                 |
| inf                 |
| inf                 |
| inf                 |
| inf                 |
| inf                 |
| 1.769230769230769   |
| inf                 |
+---------------------+
